I'm sorry, but errors were detected in your script. Please correct the
errors listed below, and try again.


File "game/script.rpy", line 312: Line is indented, but the preceding say statement statement does not expect a block. Please check this line's indentation. You may have forgotten a colon (:).
    jump neptune
    ^

Ren'Py Version: Ren'Py 8.3.2.24090902
Sun Oct  6 07:39:24 2024
